INFO: [Timing 38-91] UpdateTimingParams: Speed grade: -2, Delay Type: max.
INFO: [Timing 38-191] Multithreading enabled for timing update using a maximum of 8 CPUs
INFO: [Timing 38-35] Done setting XDC timing constraints.
INFO: [Timing 38-78] ReportTimingParams: -max_paths 1 -nworst 1 -delay_type max -sort_by slack.
Copyright 1986-2022 Xilinx, Inc. All Rights Reserved. Copyright 2022-2025 Advanced Micro Devices, Inc. All Rights Reserved.
---------------------------------------------------------------------------------------------------------------------------------------------
| Tool Version : Vivado v.2025.1 (lin64) Build 6140274 Wed May 21 22:58:25 MDT 2025
| Date         : Wed Sep 24 21:13:38 2025
| Host         : shp running 64-bit Ubuntu 24.04.3 LTS
| Command      : report_timing
| Design       : if_float2
| Device       : 7k160t-fbg484
| Speed File   : -2  PRODUCTION 1.12 2017-02-17
| Design State : Synthesized
---------------------------------------------------------------------------------------------------------------------------------------------

Timing Report

Slack (VIOLATED) :        -0.476ns  (required time - arrival time)
  Source:                 addf0/ip/roundingAdder/X_1_d1_reg[3]/C
                            (rising edge-triggered cell FDRE clocked by clk  {rise@0.000ns fall@5.000ns period=10.000ns})
  Destination:            mulf0/ip/SignificandMultiplication/tile_0_mult/Mint/A[0]
                            (rising edge-triggered cell DSP48E1 clocked by clk  {rise@0.000ns fall@5.000ns period=10.000ns})
  Path Group:             clk
  Path Type:              Setup (Max at Slow Process Corner)
  Requirement:            10.000ns  (clk rise@10.000ns - clk rise@0.000ns)
  Data Path Delay:        7.759ns  (logic 1.519ns (19.578%)  route 6.240ns (80.422%))
  Logic Levels:           19  (CARRY4=7 LUT3=1 LUT4=1 LUT5=3 LUT6=7)
  Clock Path Skew:        -0.027ns (DCD - SCD + CPR)
    Destination Clock Delay (DCD):    0.510ns = ( 10.510 - 10.000 ) 
    Source Clock Delay      (SCD):    0.537ns
    Clock Pessimism Removal (CPR):    0.000ns
  Clock Uncertainty:      0.035ns  ((TSJ^2 + TIJ^2)^1/2 + DJ) / 2 + PE
    Total System Jitter     (TSJ):    0.071ns
    Total Input Jitter      (TIJ):    0.000ns
    Discrete Jitter          (DJ):    0.000ns
    Phase Error              (PE):    0.000ns

    Location             Delay type                Incr(ns)  Path(ns)    Netlist Resource(s)
  -------------------------------------------------------------------    -------------------
                         (clock clk rise edge)        0.000     0.000 r  
                                                      0.000     0.000 r  clk (IN)
                         net (fo=3046, unset)         0.537     0.537    addf0/ip/roundingAdder/clk
                         FDRE                                         r  addf0/ip/roundingAdder/X_1_d1_reg[3]/C
  -------------------------------------------------------------------    -------------------
                         FDRE (Prop_fdre_C_Q)         0.175     0.712 r  addf0/ip/roundingAdder/X_1_d1_reg[3]/Q
                         net (fo=2, unplaced)         0.679     1.391    addf0/ip/roundingAdder/X_1_d1_reg_n_0_[3]
                         CARRY4 (Prop_carry4_S[3]_CO[3])
                                                      0.303     1.694 r  addf0/ip/roundingAdder/out0_valid_INST_0_i_50/CO[3]
                         net (fo=1, unplaced)         0.007     1.701    addf0/ip/roundingAdder/out0_valid_INST_0_i_50_n_0
                         CARRY4 (Prop_carry4_CI_CO[3])
                                                      0.054     1.755 r  addf0/ip/roundingAdder/out0_valid_INST_0_i_49/CO[3]
                         net (fo=1, unplaced)         0.000     1.755    addf0/ip/roundingAdder/out0_valid_INST_0_i_49_n_0
                         CARRY4 (Prop_carry4_CI_CO[3])
                                                      0.054     1.809 r  addf0/ip/roundingAdder/out0_valid_INST_0_i_62/CO[3]
                         net (fo=1, unplaced)         0.000     1.809    addf0/ip/roundingAdder/out0_valid_INST_0_i_62_n_0
                         CARRY4 (Prop_carry4_CI_CO[3])
                                                      0.054     1.863 r  addf0/ip/roundingAdder/out0_valid_INST_0_i_42/CO[3]
                         net (fo=1, unplaced)         0.000     1.863    addf0/ip/roundingAdder/out0_valid_INST_0_i_42_n_0
                         CARRY4 (Prop_carry4_CI_CO[3])
                                                      0.054     1.917 r  addf0/ip/roundingAdder/out0_valid_INST_0_i_43/CO[3]
                         net (fo=1, unplaced)         0.000     1.917    addf0/ip/roundingAdder/out0_valid_INST_0_i_43_n_0
                         CARRY4 (Prop_carry4_CI_CO[3])
                                                      0.054     1.971 r  addf0/ip/roundingAdder/out0_valid_INST_0_i_35/CO[3]
                         net (fo=1, unplaced)         0.000     1.971    addf0/ip/roundingAdder/out0_valid_INST_0_i_35_n_0
                         CARRY4 (Prop_carry4_CI_O[1])
                                                      0.173     2.144 r  addf0/ip/roundingAdder/out0_valid_INST_0_i_41/O[1]
                         net (fo=4, unplaced)         0.409     2.553    addf0/ip/roundingAdder/ip_result__0[24]
                         LUT4 (Prop_lut4_I0_O)        0.125     2.678 r  addf0/ip/roundingAdder/out0_valid_INST_0_i_63/O
                         net (fo=14, unplaced)        0.458     3.136    addf0/ip/roundingAdder/out0_valid_INST_0_i_63_n_0
                         LUT5 (Prop_lut5_I4_O)        0.043     3.179 r  addf0/ip/roundingAdder/out0_valid_INST_0_i_58/O
                         net (fo=1, unplaced)         0.742     3.921    addf0/ip/roundingAdder/addf0_result[5]
                         LUT5 (Prop_lut5_I0_O)        0.043     3.964 f  addf0/ip/roundingAdder/out0_valid_INST_0_i_37/O
                         net (fo=1, unplaced)         0.407     4.371    addf0/ip/roundingAdder/out0_valid_INST_0_i_37_n_0
                         LUT6 (Prop_lut6_I3_O)        0.043     4.414 r  addf0/ip/roundingAdder/out0_valid_INST_0_i_20/O
                         net (fo=1, unplaced)         0.270     4.684    addf0/ip/roundingAdder/cmpf0/operator/ip_lhs[32]
                         LUT6 (Prop_lut6_I4_O)        0.043     4.727 r  addf0/ip/roundingAdder/out0_valid_INST_0_i_6/O
                         net (fo=2, unplaced)         0.281     5.008    addf0/ip/roundingAdder/control_merge3_index
                         LUT6 (Prop_lut6_I3_O)        0.043     5.051 f  addf0/ip/roundingAdder/out0_valid_INST_0_i_1/O
                         net (fo=16, unplaced)        0.324     5.375    control_merge0/one_slot_break_r/control/outs_reg[0]_1
                         LUT6 (Prop_lut6_I1_O)        0.043     5.418 r  control_merge0/one_slot_break_r/control/x0_ready_INST_0_i_3/O
                         net (fo=4, unplaced)         0.431     5.849    control_merge0/one_slot_break_r/control/fullReg_reg_1
                         LUT6 (Prop_lut6_I0_O)        0.043     5.892 r  control_merge0/one_slot_break_r/control/minus_trace_storeData[21]_INST_0_i_2/O
                         net (fo=63, unplaced)        0.358     6.250    divf0/ip/p_2_in
                         LUT6 (Prop_lut6_I4_O)        0.043     6.293 r  divf0/ip/dataReg[30]_i_1/O
                         net (fo=4, unplaced)         0.294     6.587    buffer3/control/mux1_outs[8]
                         LUT3 (Prop_lut3_I0_O)        0.043     6.630 r  buffer3/control/outs[30]_i_1/O
                         net (fo=8, unplaced)         0.780     7.410    buffer3/control/buffer3_outs[3]
                         LUT6 (Prop_lut6_I1_O)        0.043     7.453 f  buffer3/control/Mint_i_59/O
                         net (fo=24, unplaced)        0.334     7.787    buffer3/control/mulf0/ieee2nfloat_rhs/eqOp1_in
                         LUT5 (Prop_lut5_I3_O)        0.043     7.830 r  buffer3/control/Mint_i_40/O
                         net (fo=2, unplaced)         0.466     8.296    mulf0/ip/SignificandMultiplication/tile_0_mult/A[0]
                         DSP48E1                                      r  mulf0/ip/SignificandMultiplication/tile_0_mult/Mint/A[0]
  -------------------------------------------------------------------    -------------------

                         (clock clk rise edge)       10.000    10.000 r  
                                                      0.000    10.000 r  clk (IN)
                         net (fo=3046, unset)         0.510    10.510    mulf0/ip/SignificandMultiplication/tile_0_mult/clk
                         DSP48E1                                      r  mulf0/ip/SignificandMultiplication/tile_0_mult/Mint/CLK
                         clock pessimism              0.000    10.510    
                         clock uncertainty           -0.035    10.475    
                         DSP48E1 (Setup_dsp48e1_CLK_A[0])
                                                     -2.655     7.820    mulf0/ip/SignificandMultiplication/tile_0_mult/Mint
  -------------------------------------------------------------------
                         required time                          7.820    
                         arrival time                          -8.296    
  -------------------------------------------------------------------
                         slack                                 -0.476    




